#. type: TH
#: single.man.1:1
#, no-wrap
msgid "test1"
msgstr ""

#. type: SH
#: single.man.1:2
#, no-wrap
msgid "NAME"
msgstr ""

#. type: Plain text
#: single.man.1:4
msgid "test - just a test"
msgstr ""

#. type: Plain text
#: single.man.1:5
msgid "Hello"
msgstr ""
